[main 5aa9e81] chore: automated weekly backup 2026-05-10 [skip ci]
 3 files changed, 3 insertions(+), 8 deletions(-)
 create mode 100644 backup.log
To github.com:luisrioja/3DRiojaRemake.git
   0186482..5aa9e81  main -> main
Sun 10 May 00:00:04 BST 2026: Backup completed successfully.
[main e10e1e8] chore: automated weekly backup 2026-05-17 [skip ci]
 1 file changed, 6 insertions(+)
To github.com:luisrioja/3DRiojaRemake.git
   5aa9e81..e10e1e8  main -> main
Sun 17 May 00:00:04 BST 2026: Backup completed successfully.
[main b698085] chore: automated weekly backup 2026-05-24 [skip ci]
 1 file changed, 5 insertions(+)
To github.com:luisrioja/3DRiojaRemake.git
   e10e1e8..b698085  main -> main
Sun 24 May 00:00:04 BST 2026: Backup completed successfully.
[main 0c0f1df] chore: automated weekly backup 2026-05-31 [skip ci]
 1 file changed, 5 insertions(+)
To github.com:luisrioja/3DRiojaRemake.git
   b698085..0c0f1df  main -> main
Sun 31 May 00:00:04 BST 2026: Backup completed successfully.
[main ddae772] chore: automated weekly backup 2026-06-07 [skip ci]
 1 file changed, 5 insertions(+)
Warning: Permanently added the ECDSA host key for IP address '140.82.116.3' to the list of known hosts.
To github.com:luisrioja/3DRiojaRemake.git
   0c0f1df..ddae772  main -> main
Sun  7 Jun 00:00:05 BST 2026: Backup completed successfully.
[main f022462] chore: automated weekly backup 2026-06-14 [skip ci]
 1 file changed, 6 insertions(+)
To github.com:luisrioja/3DRiojaRemake.git
   ddae772..f022462  main -> main
Sun 14 Jun 00:00:04 BST 2026: Backup completed successfully.
